Fields: Test Item
op://BACstack/Test Item

  APP_SERVER_PORT  8080                            text
> DATABASE_URL     postgres://localhost:5432/mydb  text
  REDIS_HOST       localhost                       text
  API_KEY          ********                        concealed
  APP_ENV          local                           text

                     
  2 pending change(s)

enter/e:edit  d:delete  r:rename  t:toggle  n:new  /:filter  s:save  esc:back  q:quit